// Jest Snapshot v1, https://goo.gl/fbAQLP

exports[`PageTitle _SNAPSHOT_ 1`] = `
<div
  className="PageTitle"
>
  <div
    className="container"
  >
    <div
      className="row"
    >
      <div
        className="text-md-left col"
      >
        <h3>
          Foo
          <small
            className="text-muted"
          >
            Bar
          </small>
        </h3>
      </div>
    </div>
  </div>
</div>
`;
